Microchip MPLAB XC8 Compiler V2.36

Linker command line:

-W-3 --edf=C:\Program Files\Microchip\xc8\v2.36\pic\dat\en_msgs.txt -cn \
  -h+dist/default/production\B08.SingleChannelDectection.production.sym \
  --cmf=dist/default/production\B08.SingleChannelDectection.production.cmf \
  -z -Q16F877A -oC:\Users\Sndp\AppData\Local\Temp\xcAs980.4 \
  --defsym=__MPLAB_BUILD=1 \
  -Mdist/default/production/B08.SingleChannelDectection.production.map \
  --md=C:\Users\Sndp\AppData\Local\Temp\xcAs980.dat -E1 -ver=XC8 Compiler \
  --acfsm=1493 -ACODE=00h-07FFhx4 -ASTRCODE=00h-01FFFh -ASTRING=00h-0FFhx32 \
  -ACONST=00h-0FFhx32 -AENTRY=00h-0FFhx32 -ACOMMON=070h-07Fh \
  -ABANK0=020h-06Fh -ABANK1=0A0h-0EFh -ABANK2=0110h-016Fh \
  -ABANK3=0190h-01EFh -ARAM=020h-06Fh,0A0h-0EFh,0110h-016Fh,0190h-01EFh \
  -AABS1=020h-07Fh,0A0h-0EFh,0110h-016Fh,0190h-01EFh -ASFR0=00h-01Fh \
  -ASFR1=080h-09Fh -ASFR2=0100h-010Fh -ASFR3=0180h-018Fh \
  -ACONFIG=02007h-02007h -DCONFIG=2 -AIDLOC=02000h-02003h -DIDLOC=2 \
  -AEEDATA=00h-0FFh/02100h -peeprom_data=EEDATA -DEEDATA=2 -DCODE=2 \
  -DSTRCODE=2 -DSTRING=2 -DCONST=2 -DENTRY=2 \
  -preset_vec=00h,intentry,init,end_init -ppowerup=CODE -pcinit=CODE \
  -pfunctab=ENTRY -k C:\Users\Sndp\AppData\Local\Temp\xcAs980.o \
  dist/default/production\B08.SingleChannelDectection.production.o 

Object code version is 3.11

Machine type is 16F877A



                Name                               Link     Load   Length Selector   Space Scale
C:\Users\Sndp\AppData\Local\Temp\xcAs980.o
                end_init                              0        0        3        0       0
                config                             2007     2007        1        0       4
dist/default/production\B08.SingleChannelDectection.production.o
                cinit                               7FC      7FC        4      FF8       0
                config                             2007     2007        1        0       4
                text4                               7BE      7BE       11      F7C       0
                text3                               7AB      7AB        7      F56       0
                text2                               7B2      7B2        C      F64       0
                text1                               7CF      7CF       12      F9E       0
                maintext                            7E1      7E1       1B      FC2       0
                cstackCOMMON                         70       70        6       70       1

TOTAL           Name                               Link     Load   Length     Space
        CLASS   CODE           
                end_init                              0        0        3         0
                cinit                               7FC      7FC        4         0
                text4                               7BE      7BE       11         0
                text3                               7AB      7AB        7         0
                text2                               7B2      7B2        C         0
                text1                               7CF      7CF       12         0
                maintext                            7E1      7E1       1B         0

        CLASS   STRCODE        

        CLASS   STRING         

        CLASS   CONST          

        CLASS   ENTRY          

        CLASS   COMMON         
                cstackCOMMON                         70       70        6         1

        CLASS   BANK0          

        CLASS   BANK1          

        CLASS   BANK2          

        CLASS   BANK3          

        CLASS   RAM            

        CLASS   ABS1           
                abs_s1                               7E       7E        2         1

        CLASS   SFR0           

        CLASS   SFR1           

        CLASS   SFR2           

        CLASS   SFR3           

        CLASS   CONFIG         
                config                             2007     2007        1         4

        CLASS   IDLOC          

        CLASS   EEDATA         

        CLASS   STACK          



SEGMENTS        Name                           Load    Length   Top    Selector   Space  Class     Delta

                reset_vec                      000000  000003  000003         0       0  CODE        2
                cstackCOMMON                   000070  000006  000076        70       1  COMMON      1
                text3                          0007AB  000007  0007B2       F56       0  CODE        2
                text2                          0007B2  00000C  0007BE       F64       0  CODE        2
                text4                          0007BE  000011  0007CF       F7C       0  CODE        2
                text1                          0007CF  000012  0007E1       F9E       0  CODE        2
                maintext                       0007E1  00001B  0007FC       FC2       0  CODE        2
                cinit                          0007FC  000004  000800       FF8       0  CODE        2


UNUSED ADDRESS RANGES

        Name                Unused          Largest block    Delta
        BANK0            0020-006F             50           1
        BANK1            00A0-00EF             50           1
        BANK2            0110-016F             60           1
        BANK3            0190-01EF             60           1
        CODE             0003-07AA            7A8           2
                         0800-1FFF            800
        COMMON           0076-007D              8           1
        CONST            0003-07AA            100           2
                         0800-1FFF            100
        EEDATA           2100-21FF            100           2
        ENTRY            0003-07AA            100           2
                         0800-1FFF            100
        IDLOC            2000-2003              4           2
        RAM              0020-006F             50           1
                         00A0-00EF             50
                         0110-016F             60
                         0190-01EF             60
        SFR0             0000-001F             20           1
        SFR1             0080-009F             20           1
        SFR2             0100-010F             10           1
        SFR3             0180-018F             10           1
        STRCODE          0003-07AA            7A8           2
                         0800-1FFF           1800
        STRING           0003-07AA            100           2
                         0800-1FFF            100

                                  Symbol Table

?_read_adc               cstackCOMMON 0070
_ADFM                    (abs)        04FF
_ADON                    (abs)        00F8
_ADRESH                  (abs)        001E
_ADRESL                  (abs)        009E
_GO                      (abs)        00FA
_PORTD                   (abs)        0008
_RD0                     (abs)        0040
_TRISD                   (abs)        0088
__Habs1                  abs1         0000
__Hbank0                 bank0        0000
__Hbank1                 bank1        0000
__Hbank2                 bank2        0000
__Hbank3                 bank3        0000
__Hcinit                 cinit        0800
__Hclrtext               clrtext      0000
__Hcode                  code         0000
__Hcommon                common       0000
__Hconfig                config       2008
__HcstackCOMMON          cstackCOMMON 0000
__Heeprom_data           eeprom_data  0000
__Hend_init              end_init     0003
__Hfunctab               functab      0000
__Hinit                  init         0000
__Hintentry              intentry     0000
__Hmaintext              maintext     0000
__Hpowerup               powerup      0000
__Hram                   ram          0000
__Hreset_vec             reset_vec    0000
__Hsfr0                  sfr0         0000
__Hsfr1                  sfr1         0000
__Hsfr2                  sfr2         0000
__Hsfr3                  sfr3         0000
__Hspace_0               (abs)        0800
__Hspace_1               (abs)        0076
__Hspace_2               (abs)        0000
__Hspace_3               (abs)        0000
__Hspace_4               (abs)        400F
__Hstack                 stack        0000
__Hstrings               strings      0000
__Htext                  text         0000
__Labs1                  abs1         0000
__Lbank0                 bank0        0000
__Lbank1                 bank1        0000
__Lbank2                 bank2        0000
__Lbank3                 bank3        0000
__Lcinit                 cinit        07FC
__Lclrtext               clrtext      0000
__Lcode                  code         0000
__Lcommon                common       0000
__Lconfig                config       0000
__LcstackCOMMON          cstackCOMMON 0000
__Leeprom_data           eeprom_data  0000
__Lend_init              end_init     0000
__Lfunctab               functab      0000
__Linit                  init         0000
__Lintentry              intentry     0000
__Lmaintext              maintext     0000
__Lpowerup               powerup      0000
__Lram                   ram          0000
__Lreset_vec             reset_vec    0000
__Lsfr0                  sfr0         0000
__Lsfr1                  sfr1         0000
__Lsfr2                  sfr2         0000
__Lsfr3                  sfr3         0000
__Lspace_0               (abs)        0000
__Lspace_1               (abs)        0000
__Lspace_2               (abs)        0000
__Lspace_3               (abs)        0000
__Lspace_4               (abs)        0000
__Lstack                 stack        0000
__Lstrings               strings      0000
__Ltext                  text         0000
__S0                     (abs)        0800
__S1                     (abs)        0076
__S3                     (abs)        0000
___int_sp                stack        0000
___latbits               (abs)        0002
___sp                    stack        0000
___stackhi               (abs)        0000
___stacklo               (abs)        0000
__end_of__initialization cinit        07FC
__end_of_glow_led        text4        07CF
__end_of_init_adc        text3        07B2
__end_of_init_config     text2        07BE
__end_of_main            maintext     07FC
__end_of_read_adc        text1        07E1
__initialization         cinit        07FC
__pcstackCOMMON          cstackCOMMON 0070
__pmaintext              maintext     07E1
__ptext1                 text1        07CF
__ptext2                 text2        07B2
__ptext3                 text3        07AB
__ptext4                 text4        07BE
_glow_led                text4        07BE
_init_adc                text3        07AB
_init_config             text2        07B2
_main                    maintext     07E1
_nDONE                   (abs)        00FA
_read_adc                text1        07CF
btemp                    (abs)        007E
end_of_initialization    cinit        07FC
glow_led@adc_reg_val     cstackCOMMON 0070
intlevel0                functab      0000
intlevel1                functab      0000
intlevel2                functab      0000
intlevel3                functab      0000
intlevel4                functab      0000
intlevel5                functab      0000
main@adc_reg_val         cstackCOMMON 0074
read_adc@adc_reg_val     cstackCOMMON 0072
reset_vec                reset_vec    0000
start                    init         0000
start_initialization     cinit        07FC
wtemp0                   (abs)        007E


MODULE INFORMATION

Module		Function		Class		Link	Load	Size
adc.c
		_init_adc      		CODE           	07AB	0000	7
		_read_adc      		CODE           	07CF	0000	18

adc.c estimated size: 25

shared
		__initialization		CODE           	07FC	0000	1

shared estimated size: 1

main.c
		_main          		CODE           	07E1	0000	27
		_glow_led      		CODE           	07BE	0000	17
		_init_config   		CODE           	07B2	0000	12

main.c estimated size: 56

