Microchip MPLAB XC8 Compiler V2.10 ()

Linker command line:

-W-3 --edf=C:\Program Files (x86)\Microchip\xc8\v2.10\pic\dat\en_msgs.txt \
  -cs -h+dist/default/production\InternalEEPROM.X.production.sym \
  --cmf=dist/default/production\InternalEEPROM.X.production.cmf -z \
  -Q16F877A -oC:\Users\Emertxe\AppData\Local\Temp\s61o.3 \
  --defsym=__MPLAB_BUILD=1 \
  -Mdist/default/production/InternalEEPROM.X.production.map -E1 -ver=XC8 \
  --acfsm=1493 -ASTACK=0110h-016Fh -pstack=STACK -ACODE=00h-07FFhx4 \
  -ASTRCODE=00h-01FFFh -ASTRING=00h-0FFhx32 -ACONST=00h-0FFhx32 \
  -AENTRY=00h-0FFhx32 -ACOMMON=070h-07Fh -ABANK0=020h-06Fh \
  -ABANK1=0A0h-0EFh -ABANK2=0110h-016Fh -ABANK3=0190h-01EFh \
  -ARAM=020h-06Fh,0A0h-0EFh,0110h-016Fh,0190h-01EFh \
  -AABS1=020h-07Fh,0A0h-0EFh,0110h-016Fh,0190h-01EFh -ASFR0=00h-01Fh \
  -ASFR1=080h-09Fh -ASFR2=0100h-010Fh -ASFR3=0180h-018Fh \
  -preset_vec=00h,intentry,init,end_init -ppowerup=CODE -pcinit=CODE \
  -pfunctab=ENTRY -ACONFIG=02007h-02007h -pconfig=CONFIG -DCONFIG=2 \
  -AIDLOC=02000h-02003h -pidloc=IDLOC -DIDLOC=2 -AEEDATA=00h-0FFh/02100h \
  -peeprom_data=EEDATA -DEEDATA=2 -DCODE=2 -DSTRCODE=2 -DSTRING=2 -DCONST=2 \
  -DENTRY=2 -k C:\Users\Emertxe\AppData\Local\Temp\s61o.o \
  dist/default/production\InternalEEPROM.X.production.o 

Object code version is 3.11

Machine type is 16F877A



                Name                               Link     Load   Length Selector   Space Scale
C:\Users\Emertxe\AppData\Local\Temp\s61o.o
                end_init                              0        0        3        0       0
                config                             2007     2007        1     400E       0
dist/default/production\InternalEEPROM.X.production.o
                cinit                               7E7      7E7       19      FCE       0
                text10                              6C0      6C0       69      D80       0
                text9                               667      667       59      CCE       0
                text8                               5FB      5FB       36      BF6       0
                text7                               58D      58D       17      B1A       0
                text6                               5CE      5CE       2D      B9C       0
                text5                               631      631       36      C62       0
                text4                               553      553        6      AA6       0
                text3                               56E      56E        C      ADC       0
                text2                               563      563        B      AC6       0
                text1                               5A4      5A4       2A      B48       0
                maintext                            729      729       BE      E52       0
                cstackBANK0                          20       20       18       20       1
                cstackCOMMON                         70       70        C       70       1
                inittext                            57A      57A       13      AF4       0
                dataBANK0                            38       38        A       20       1
                dataCOMMON                           7D       7D        1       70       1
                bssCOMMON                            7C       7C        1       70       1
                idataBANK0                          559      559        A      AB2       0
                idataCOMMON                         552      552        1      AA4       0

TOTAL           Name                               Link     Load   Length     Space
        CLASS   STACK          

        CLASS   CODE           
                end_init                              0        0        3         0
                cinit                               7E7      7E7       19         0
                text10                              6C0      6C0       69         0
                text9                               667      667       59         0
                text8                               5FB      5FB       36         0
                text7                               58D      58D       17         0
                text6                               5CE      5CE       2D         0
                text5                               631      631       36         0
                text4                               553      553        6         0
                text3                               56E      56E        C         0
                text2                               563      563        B         0
                text1                               5A4      5A4       2A         0
                maintext                            729      729       BE         0
                inittext                            57A      57A       13         0
                idataBANK0                          559      559        A         0
                idataCOMMON                         552      552        1         0

        CLASS   STRCODE        

        CLASS   STRING         

        CLASS   CONST          

        CLASS   ENTRY          

        CLASS   COMMON         
                cstackCOMMON                         70       70        C         1
                dataCOMMON                           7D       7D        1         1
                bssCOMMON                            7C       7C        1         1

        CLASS   BANK0          
                cstackBANK0                          20       20       18         1
                dataBANK0                            38       38        A         1

        CLASS   BANK1          

        CLASS   BANK2          

        CLASS   BANK3          

        CLASS   RAM            

        CLASS   ABS1           
                abs_s1                               7E       7E        2         1

        CLASS   SFR0           

        CLASS   SFR1           

        CLASS   SFR2           

        CLASS   SFR3           

        CLASS   CONFIG         
                config                             2007     2007        1         0

        CLASS   IDLOC          

        CLASS   EEDATA         



SEGMENTS        Name                           Load    Length   Top    Selector   Space  Class     Delta

                reset_vec                      000000  000003  000003         0       0  CODE        2
                cstackBANK0                    000020  000022  000042        20       1  BANK0       1
                cstackCOMMON                   000070  00000E  00007E        70       1  COMMON      1
                idataCOMMON                    000552  000001  000553       AA4       0  CODE        2
                text4                          000553  000006  000559       AA6       0  CODE        2
                idataBANK0                     000559  00000A  000563       AB2       0  CODE        2
                text2                          000563  00000B  00056E       AC6       0  CODE        2
                text3                          00056E  00000C  00057A       ADC       0  CODE        2
                inittext                       00057A  000013  00058D       AF4       0  CODE        2
                text7                          00058D  000017  0005A4       B1A       0  CODE        2
                text1                          0005A4  00002A  0005CE       B48       0  CODE        2
                text6                          0005CE  00002D  0005FB       B9C       0  CODE        2
                text8                          0005FB  000036  000631       BF6       0  CODE        2
                text5                          000631  000036  000667       C62       0  CODE        2
                text9                          000667  000059  0006C0       CCE       0  CODE        2
                text10                         0006C0  000069  000729       D80       0  CODE        2
                maintext                       000729  0000BE  0007E7       E52       0  CODE        2
                cinit                          0007E7  000019  000800       FCE       0  CODE        2
                config                         002007  000001  002008      400E       0  CONFIG      2


UNUSED ADDRESS RANGES

        Name                Unused          Largest block    Delta
        BANK0            0042-006F             2E           1
        BANK1            00A0-00EF             50           1
        BANK2            0110-016F             60           1
        BANK3            0190-01EF             60           1
        CODE             0003-0551            54F           2
                         0800-1FFF            800
        CONST            0003-0551            100           2
                         0800-1FFF            100
        EEDATA           2100-21FF            100           2
        ENTRY            0003-0551            100           2
                         0800-1FFF            100
        IDLOC            2000-2003              4           2
        RAM              0042-006F             2E           1
                         00A0-00EF             50
                         0110-016F             60
                         0190-01EF             60
        SFR0             0000-001F             20           1
        SFR1             0080-009F             20           1
        SFR2             0100-010F             10           1
        SFR3             0180-018F             10           1
        STACK            0110-016F             60           1
        STRCODE          0003-0551            54F           2
                         0800-1FFF           1800
        STRING           0003-0551            100           2
                         0800-1FFF            100

                                  Symbol Table

?___awdiv                     cstackCOMMON 0077
?___awmod                     cstackCOMMON 0070
_EEADR                        (abs)        010D
_EECON1                       (abs)        018C
_EECON1bits                   (abs)        018C
_EECON2                       (abs)        018D
_EEDATA                       (abs)        010C
_INTCONbits                   (abs)        000B
_PORTA                        (abs)        0005
_PORTB                        (abs)        0006
_PORTD                        (abs)        0008
_STATUSbits                   (abs)        0003
_TRISA                        (abs)        0085
_TRISB                        (abs)        0086
_TRISD                        (abs)        0088
__CFG_WDTE$OFF                (abs)        0000
__Habs1                       abs1         0000
__Hbank0                      bank0        0000
__Hbank1                      bank1        0000
__Hbank2                      bank2        0000
__Hbank3                      bank3        0000
__HbssCOMMON                  bssCOMMON    0000
__Hcinit                      cinit        0800
__Hclrtext                    clrtext      0000
__Hcode                       code         0000
__Hcommon                     common       0000
__Hconfig                     config       2008
__HcstackBANK0                cstackBANK0  0000
__HcstackCOMMON               cstackCOMMON 0000
__HdataBANK0                  dataBANK0    0000
__HdataCOMMON                 dataCOMMON   0000
__Heeprom_data                eeprom_data  0000
__Hend_init                   end_init     0003
__Hfunctab                    functab      0000
__HidataBANK0                 idataBANK0   0000
__HidataCOMMON                idataCOMMON  0000
__Hidloc                      idloc        0000
__Hinit                       init         0000
__Hinittext                   inittext     0000
__Hintentry                   intentry     0000
__Hmaintext                   maintext     0000
__Hpowerup                    powerup      0000
__Hram                        ram          0000
__Hreset_vec                  reset_vec    0000
__Hsfr0                       sfr0         0000
__Hsfr1                       sfr1         0000
__Hsfr2                       sfr2         0000
__Hsfr3                       sfr3         0000
__Hspace_0                    (abs)        2008
__Hspace_1                    (abs)        007E
__Hspace_2                    (abs)        0000
__Hspace_3                    (abs)        0000
__Hstack                      stack        0000
__Hstrings                    strings      0000
__Htext                       text         0000
__Labs1                       abs1         0000
__Lbank0                      bank0        0000
__Lbank1                      bank1        0000
__Lbank2                      bank2        0000
__Lbank3                      bank3        0000
__LbssCOMMON                  bssCOMMON    0000
__Lcinit                      cinit        07E7
__Lclrtext                    clrtext      0000
__Lcode                       code         0000
__Lcommon                     common       0000
__Lconfig                     config       2007
__LcstackBANK0                cstackBANK0  0000
__LcstackCOMMON               cstackCOMMON 0000
__LdataBANK0                  dataBANK0    0000
__LdataCOMMON                 dataCOMMON   0000
__Leeprom_data                eeprom_data  0000
__Lend_init                   end_init     0000
__Lfunctab                    functab      0000
__LidataBANK0                 idataBANK0   0000
__LidataCOMMON                idataCOMMON  0000
__Lidloc                      idloc        0000
__Linit                       init         0000
__Linittext                   inittext     0000
__Lintentry                   intentry     0000
__Lmaintext                   maintext     0000
__Lpowerup                    powerup      0000
__Lram                        ram          0000
__Lreset_vec                  reset_vec    0000
__Lsfr0                       sfr0         0000
__Lsfr1                       sfr1         0000
__Lsfr2                       sfr2         0000
__Lsfr3                       sfr3         0000
__Lspace_0                    (abs)        0000
__Lspace_1                    (abs)        0000
__Lspace_2                    (abs)        0000
__Lspace_3                    (abs)        0000
__Lstack                      stack        0000
__Lstrings                    strings      0000
__Ltext                       text         0000
__S0                          (abs)        2008
__S1                          (abs)        007E
__S2                          (abs)        0000
__S3                          (abs)        0000
___awdiv                      text10       06C0
___awdiv@counter              cstackBANK0  0020
___awdiv@dividend             cstackCOMMON 0079
___awdiv@divisor              cstackCOMMON 0077
___awdiv@quotient             cstackBANK0  0022
___awdiv@sign                 cstackBANK0  0021
___awmod                      text9        0667
___awmod@counter              cstackCOMMON 0075
___awmod@dividend             cstackCOMMON 0072
___awmod@divisor              cstackCOMMON 0070
___awmod@sign                 cstackCOMMON 0076
___int_sp                     stack        0000
___latbits                    (abs)        0002
___sp                         stack        0000
___stackhi                    (abs)        0000
___stacklo                    (abs)        0000
__end_of___awdiv              text10       0729
__end_of___awmod              text9        06C0
__end_of__initialization      cinit        07FC
__end_of_display              text8        0631
__end_of_eeprom_read          text7        05A4
__end_of_eeprom_test          text5        0667
__end_of_eeprom_write         text6        05FB
__end_of_init_config          text2        056E
__end_of_init_digital_keypad  text4        0559
__end_of_init_ssd             text3        057A
__end_of_main                 maintext     07E7
__end_of_read_digital_keypad  text1        05CE
__initialization              cinit        07E7
__pbssCOMMON                  bssCOMMON    007C
__pcstackBANK0                cstackBANK0  0020
__pcstackCOMMON               cstackCOMMON 0070
__pdataBANK0                  dataBANK0    0038
__pdataCOMMON                 dataCOMMON   007D
__pidataBANK0                 idataBANK0   0559
__pidataCOMMON                idataCOMMON  0552
__pmaintext                   maintext     0729
__ptext1                      text1        05A4
__ptext10                     text10       06C0
__ptext2                      text2        0563
__ptext3                      text3        056E
__ptext4                      text4        0553
__ptext5                      text5        0631
__ptext6                      text6        05CE
__ptext7                      text7        058D
__ptext8                      text8        05FB
__ptext9                      text9        0667
__size_of___awdiv             (abs)        0000
__size_of___awmod             (abs)        0000
__size_of_display             (abs)        0000
__size_of_eeprom_read         (abs)        0000
__size_of_eeprom_test         (abs)        0000
__size_of_eeprom_write        (abs)        0000
__size_of_init_config         (abs)        0000
__size_of_init_digital_keypad (abs)        0000
__size_of_init_ssd            (abs)        0000
__size_of_main                (abs)        0000
__size_of_read_digital_keypad (abs)        0000
_display                      text8        05FB
_eeprom_read                  text7        058D
_eeprom_test                  text5        0631
_eeprom_write                 text6        05CE
_init_config                  text2        0563
_init_digital_keypad          text4        0553
_init_ssd                     text3        056E
_main                         maintext     0729
_read_digital_keypad          text1        05A4
btemp                         (abs)        007E
display@data                  cstackCOMMON 0073
display@digit                 cstackCOMMON 0074
display@wait                  cstackCOMMON 0071
eeprom_read@addr              cstackCOMMON 0071
eeprom_test@count             bssCOMMON    007C
eeprom_test@key               cstackCOMMON 0074
eeprom_write@addr             cstackCOMMON 0072
eeprom_write@value            cstackCOMMON 0070
end_of_initialization         cinit        07FC
init_fetch0                   inittext     057A
init_ram0                     inittext     057E
intlevel0                     functab      0000
intlevel1                     functab      0000
intlevel2                     functab      0000
intlevel3                     functab      0000
intlevel4                     functab      0000
intlevel5                     functab      0000
main@F864                     dataBANK0    0038
main@count                    cstackBANK0  0037
main@digits                   cstackBANK0  0028
main@key                      cstackBANK0  0036
main@ssd                      cstackBANK0  0032
read_digital_keypad@mode      cstackCOMMON 0071
read_digital_keypad@once      dataCOMMON   007D
reset_vec                     reset_vec    0000
start                         init         0000
start_initialization          cinit        07E7
wtemp0                        (abs)        007E


FUNCTION INFORMATION:

 *************** function _main *****************
 Defined at:
		line 43 in file "main.c"
 Parameters:    Size  Location     Type
		None
 Auto vars:     Size  Location     Type
  digits         10    8[BANK0 ] unsigned char [10]
  ssd             4   18[BANK0 ] unsigned char [4]
  count           1   23[BANK0 ] unsigned char 
  key             1   22[BANK0 ] unsigned char 
 Return value:  Size  Location     Type
                  1    wreg      void 
 Registers used:
		wreg, fsr0l, fsr0h, status,2, status,0, pclath, cstack
 Tracked objects:
		On entry : 
		On exit  : 
		Unchanged: 
 Data sizes:     COMMON   BANK0   BANK1   BANK3   BANK2
      Params:         0       0       0       0       0
      Locals:         0      16       0       0       0
      Temps:          0       4       0       0       0
      Totals:         0      20       0       0       0
Total ram usage:       20 bytes
 Hardware stack levels required when called:    2
 This function calls:
		___awdiv
		___awmod
		_display
		_eeprom_test
		_init_config
		_read_digital_keypad
 This function is called by:
		Startup code after reset
 This function uses a non-reentrant model


 *************** function _read_digital_keypad *****************
 Defined at:
		line 10 in file "digital_keypad.c"
 Parameters:    Size  Location     Type
  mode            1    wreg     unsigned char 
 Auto vars:     Size  Location     Type
  mode            1    1[COMMON] unsigned char 
 Return value:  Size  Location     Type
                  1    wreg      unsigned char 
 Registers used:
		wreg, status,2, status,0
 Tracked objects:
		On entry : 
		On exit  : 
		Unchanged: 
 Data sizes:     COMMON   BANK0   BANK1   BANK3   BANK2
      Params:         0       0       0       0       0
      Locals:         1       0       0       0       0
      Temps:          1       0       0       0       0
      Totals:         2       0       0       0       0
Total ram usage:        2 bytes
 Hardware stack levels used:    1
 This function calls:
		Nothing
 This function is called by:
		_main
 This function uses a non-reentrant model


 *************** function _init_config *****************
 Defined at:
		line 37 in file "main.c"
 Parameters:    Size  Location     Type
		None
 Auto vars:     Size  Location     Type
		None
 Return value:  Size  Location     Type
                  1    wreg      void 
 Registers used:
		wreg, status,2, status,0, pclath, cstack
 Tracked objects:
		On entry : 
		On exit  : 
		Unchanged: 
 Data sizes:     COMMON   BANK0   BANK1   BANK3   BANK2
      Params:         0       0       0       0       0
      Locals:         0       0       0       0       0
      Temps:          0       0       0       0       0
      Totals:         0       0       0       0       0
Total ram usage:        0 bytes
 Hardware stack levels used:    1
 Hardware stack levels required when called:    1
 This function calls:
		_init_digital_keypad
		_init_ssd
 This function is called by:
		_main
 This function uses a non-reentrant model


 *************** function _init_ssd *****************
 Defined at:
		line 4 in file "ssd.c"
 Parameters:    Size  Location     Type
		None
 Auto vars:     Size  Location     Type
		None
 Return value:  Size  Location     Type
                  1    wreg      void 
 Registers used:
		wreg, status,2
 Tracked objects:
		On entry : 
		On exit  : 
		Unchanged: 
 Data sizes:     COMMON   BANK0   BANK1   BANK3   BANK2
      Params:         0       0       0       0       0
      Locals:         0       0       0       0       0
      Temps:          0       0       0       0       0
      Totals:         0       0       0       0       0
Total ram usage:        0 bytes
 Hardware stack levels used:    1
 This function calls:
		Nothing
 This function is called by:
		_init_config
 This function uses a non-reentrant model


 *************** function _init_digital_keypad *****************
 Defined at:
		line 4 in file "digital_keypad.c"
 Parameters:    Size  Location     Type
		None
 Auto vars:     Size  Location     Type
		None
 Return value:  Size  Location     Type
                  1    wreg      void 
 Registers used:
		wreg, status,2
 Tracked objects:
		On entry : 
		On exit  : 
		Unchanged: 
 Data sizes:     COMMON   BANK0   BANK1   BANK3   BANK2
      Params:         0       0       0       0       0
      Locals:         0       0       0       0       0
      Temps:          0       0       0       0       0
      Totals:         0       0       0       0       0
Total ram usage:        0 bytes
 Hardware stack levels used:    1
 This function calls:
		Nothing
 This function is called by:
		_init_config
 This function uses a non-reentrant model


 *************** function _eeprom_test *****************
 Defined at:
		line 12 in file "main.c"
 Parameters:    Size  Location     Type
  key             1    wreg     unsigned char 
 Auto vars:     Size  Location     Type
  key             1    4[COMMON] unsigned char 
 Return value:  Size  Location     Type
                  1    wreg      unsigned char 
 Registers used:
		wreg, status,2, status,0, pclath, cstack
 Tracked objects:
		On entry : 
		On exit  : 
		Unchanged: 
 Data sizes:     COMMON   BANK0   BANK1   BANK3   BANK2
      Params:         0       0       0       0       0
      Locals:         1       0       0       0       0
      Temps:          1       0       0       0       0
      Totals:         2       0       0       0       0
Total ram usage:        2 bytes
 Hardware stack levels used:    1
 Hardware stack levels required when called:    1
 This function calls:
		_eeprom_read
		_eeprom_write
 This function is called by:
		_main
 This function uses a non-reentrant model


 *************** function _eeprom_write *****************
 Defined at:
		line 6 in file "C:\Program Files (x86)\Microchip\xc8\v2.10\pic\sources\c90\pic\__eewrite.c"
 Parameters:    Size  Location     Type
  addr            1    wreg     unsigned char 
  value           1    0[COMMON] unsigned char 
 Auto vars:     Size  Location     Type
  addr            1    2[COMMON] unsigned char 
 Return value:  Size  Location     Type
                  1    wreg      void 
 Registers used:
		wreg, status,2, status,0
 Tracked objects:
		On entry : 
		On exit  : 
		Unchanged: 
 Data sizes:     COMMON   BANK0   BANK1   BANK3   BANK2
      Params:         1       0       0       0       0
      Locals:         1       0       0       0       0
      Temps:          1       0       0       0       0
      Totals:         3       0       0       0       0
Total ram usage:        3 bytes
 Hardware stack levels used:    1
 This function calls:
		Nothing
 This function is called by:
		_eeprom_test
 This function uses a non-reentrant model


 *************** function _eeprom_read *****************
 Defined at:
		line 6 in file "C:\Program Files (x86)\Microchip\xc8\v2.10\pic\sources\c90\pic\__eeread.c"
 Parameters:    Size  Location     Type
  addr            1    wreg     unsigned char 
 Auto vars:     Size  Location     Type
  addr            1    1[COMMON] unsigned char 
 Return value:  Size  Location     Type
                  1    wreg      unsigned char 
 Registers used:
		wreg, status,2, status,0
 Tracked objects:
		On entry : 
		On exit  : 
		Unchanged: 
 Data sizes:     COMMON   BANK0   BANK1   BANK3   BANK2
      Params:         0       0       0       0       0
      Locals:         1       0       0       0       0
      Temps:          1       0       0       0       0
      Totals:         2       0       0       0       0
Total ram usage:        2 bytes
 Hardware stack levels used:    1
 This function calls:
		Nothing
 This function is called by:
		_eeprom_test
 This function uses a non-reentrant model


 *************** function _display *****************
 Defined at:
		line 15 in file "ssd.c"
 Parameters:    Size  Location     Type
  data            1    wreg     PTR unsigned char 
		 -> main@ssd(4), 
 Auto vars:     Size  Location     Type
  data            1    3[COMMON] PTR unsigned char 
		 -> main@ssd(4), 
  wait            2    1[COMMON] unsigned int 
  digit           1    4[COMMON] unsigned char 
 Return value:  Size  Location     Type
                  1    wreg      void 
 Registers used:
		wreg, fsr0l, fsr0h, status,2, status,0
 Tracked objects:
		On entry : 
		On exit  : 
		Unchanged: 
 Data sizes:     COMMON   BANK0   BANK1   BANK3   BANK2
      Params:         0       0       0       0       0
      Locals:         4       0       0       0       0
      Temps:          1       0       0       0       0
      Totals:         5       0       0       0       0
Total ram usage:        5 bytes
 Hardware stack levels used:    1
 This function calls:
		Nothing
 This function is called by:
		_main
 This function uses a non-reentrant model


 *************** function ___awmod *****************
 Defined at:
		line 5 in file "C:\Program Files (x86)\Microchip\xc8\v2.10\pic\sources\c90\common\awmod.c"
 Parameters:    Size  Location     Type
  divisor         2    0[COMMON] int 
  dividend        2    2[COMMON] int 
 Auto vars:     Size  Location     Type
  sign            1    6[COMMON] unsigned char 
  counter         1    5[COMMON] unsigned char 
 Return value:  Size  Location     Type
                  2    0[COMMON] int 
 Registers used:
		wreg, status,2, status,0
 Tracked objects:
		On entry : 
		On exit  : 
		Unchanged: 
 Data sizes:     COMMON   BANK0   BANK1   BANK3   BANK2
      Params:         4       0       0       0       0
      Locals:         2       0       0       0       0
      Temps:          1       0       0       0       0
      Totals:         7       0       0       0       0
Total ram usage:        7 bytes
 Hardware stack levels used:    1
 This function calls:
		Nothing
 This function is called by:
		_main
 This function uses a non-reentrant model


 *************** function ___awdiv *****************
 Defined at:
		line 5 in file "C:\Program Files (x86)\Microchip\xc8\v2.10\pic\sources\c90\common\awdiv.c"
 Parameters:    Size  Location     Type
  divisor         2    7[COMMON] int 
  dividend        2    9[COMMON] int 
 Auto vars:     Size  Location     Type
  quotient        2    2[BANK0 ] int 
  sign            1    1[BANK0 ] unsigned char 
  counter         1    0[BANK0 ] unsigned char 
 Return value:  Size  Location     Type
                  2    7[COMMON] int 
 Registers used:
		wreg, status,2, status,0
 Tracked objects:
		On entry : 
		On exit  : 
		Unchanged: 
 Data sizes:     COMMON   BANK0   BANK1   BANK3   BANK2
      Params:         4       0       0       0       0
      Locals:         0       4       0       0       0
      Temps:          1       0       0       0       0
      Totals:         5       4       0       0       0
Total ram usage:        9 bytes
 Hardware stack levels used:    1
 This function calls:
		Nothing
 This function is called by:
		_main
 This function uses a non-reentrant model



MODULE INFORMATION

Module		Function		Class		Link	Load	Size
ssd.c
		_init_ssd      		CODE           	056E	0000	13
		_display       		CODE           	05FB	0000	55

ssd.c estimated size: 68

digital_keypad.c
		_init_digital_keypad		CODE           	0553	0000	7
		_read_digital_keypad		CODE           	05A4	0000	43

digital_keypad.c estimated size: 50

C:\Program Files (x86)\Microchip\xc8\v2.10\pic\sources\c90\common\awdiv.c
		___awdiv       		CODE           	06C0	0000	106

C:\Program Files (x86)\Microchip\xc8\v2.10\pic\sources\c90\common\awdiv.c estimated size: 106

C:\Program Files (x86)\Microchip\xc8\v2.10\pic\sources\c90\pic\__eeread.c
		_eeprom_read   		CODE           	058D	0000	24

C:\Program Files (x86)\Microchip\xc8\v2.10\pic\sources\c90\pic\__eeread.c estimated size: 24

C:\Program Files (x86)\Microchip\xc8\v2.10\pic\sources\c90\pic\__eewrite.c
		_eeprom_write  		CODE           	05CE	0000	46

C:\Program Files (x86)\Microchip\xc8\v2.10\pic\sources\c90\pic\__eewrite.c estimated size: 46

shared
		__initialization		CODE           	07E7	0000	22

shared estimated size: 22

C:\Program Files (x86)\Microchip\xc8\v2.10\pic\sources\c90\common\awmod.c
		___awmod       		CODE           	0667	0000	90

C:\Program Files (x86)\Microchip\xc8\v2.10\pic\sources\c90\common\awmod.c estimated size: 90

main.c
		_main          		CODE           	0729	0000	191
		_init_config   		CODE           	0563	0000	12
		_eeprom_test   		CODE           	0631	0000	55

main.c estimated size: 258

