Microchip MPLAB XC8 Compiler V2.10 ()

Linker command line:

-W-3 --edf=C:\Program Files (x86)\Microchip\xc8\v2.10\pic\dat\en_msgs.txt \
  -cs -h+dist/default/production\MultiChannelDetection.X.production.sym \
  --cmf=dist/default/production\MultiChannelDetection.X.production.cmf -z \
  -Q16F877A -oC:\Users\Emertxe\AppData\Local\Temp\saac.2 \
  --defsym=__MPLAB_BUILD=1 \
  -Mdist/default/production/MultiChannelDetection.X.production.map -E1 \
  -ver=XC8 --acfsm=1493 -ASTACK=0110h-016Fh -pstack=STACK \
  -ACODE=00h-07FFhx4 -ASTRCODE=00h-01FFFh -ASTRING=00h-0FFhx32 \
  -ACONST=00h-0FFhx32 -AENTRY=00h-0FFhx32 -ACOMMON=070h-07Fh \
  -ABANK0=020h-06Fh -ABANK1=0A0h-0EFh -ABANK2=0110h-016Fh \
  -ABANK3=0190h-01EFh -ARAM=020h-06Fh,0A0h-0EFh,0110h-016Fh,0190h-01EFh \
  -AABS1=020h-07Fh,0A0h-0EFh,0110h-016Fh,0190h-01EFh -ASFR0=00h-01Fh \
  -ASFR1=080h-09Fh -ASFR2=0100h-010Fh -ASFR3=0180h-018Fh \
  -preset_vec=00h,intentry,init,end_init -ppowerup=CODE -pcinit=CODE \
  -pfunctab=ENTRY -ACONFIG=02007h-02007h -pconfig=CONFIG -DCONFIG=2 \
  -AIDLOC=02000h-02003h -pidloc=IDLOC -DIDLOC=2 -AEEDATA=00h-0FFh/02100h \
  -peeprom_data=EEDATA -DEEDATA=2 -DCODE=2 -DSTRCODE=2 -DSTRING=2 -DCONST=2 \
  -DENTRY=2 -k C:\Users\Emertxe\AppData\Local\Temp\saac.o \
  dist/default/production\MultiChannelDetection.X.production.o 

Object code version is 3.11

Machine type is 16F877A



                Name                               Link     Load   Length Selector   Space Scale
C:\Users\Emertxe\AppData\Local\Temp\saac.o
                end_init                              0        0        3        0       0
                config                             2007     2007        1     400E       0
dist/default/production\MultiChannelDetection.X.production.o
                cinit                               7FC      7FC        4      FF8       0
                text10                              6A0      6A0       44      D40       0
                text9                               666      666       3A      CCC       0
                text8                               630      630       36      C60       0
                text7                               601      601       2F      C02       0
                text6                               747      747       B5      E8E       0
                text5                               58A      58A        7      B14       0
                text4                               6E4      6E4       63      DC8       0
                text3                               591      591        B      B22       0
                text2                               59C      59C       18      B38       0
                text1                               5B4      5B4       1F      B68       0
                maintext                            5D3      5D3       2E      BA6       0
                cstackBANK0                          20       20        B       20       1
                cstackCOMMON                         70       70        D       70       1
                strings                               3        3       21        6       0

TOTAL           Name                               Link     Load   Length     Space
        CLASS   STACK          

        CLASS   CODE           
                end_init                              0        0        3         0
                cinit                               7FC      7FC        4         0
                text10                              6A0      6A0       44         0
                text9                               666      666       3A         0
                text8                               630      630       36         0
                text7                               601      601       2F         0
                text6                               747      747       B5         0
                text5                               58A      58A        7         0
                text4                               6E4      6E4       63         0
                text3                               591      591        B         0
                text2                               59C      59C       18         0
                text1                               5B4      5B4       1F         0
                maintext                            5D3      5D3       2E         0

        CLASS   STRCODE        

        CLASS   STRING         
                strings                               3        3       21         0

        CLASS   CONST          

        CLASS   ENTRY          

        CLASS   COMMON         
                cstackCOMMON                         70       70        D         1

        CLASS   BANK0          
                cstackBANK0                          20       20        B         1

        CLASS   BANK1          

        CLASS   BANK2          

        CLASS   BANK3          

        CLASS   RAM            

        CLASS   ABS1           
                abs_s1                               7E       7E        2         1

        CLASS   SFR0           

        CLASS   SFR1           

        CLASS   SFR2           

        CLASS   SFR3           

        CLASS   CONFIG         
                config                             2007     2007        1         0

        CLASS   IDLOC          

        CLASS   EEDATA         



SEGMENTS        Name                           Load    Length   Top    Selector   Space  Class     Delta

                reset_vec                      000000  000003  000003         0       0  CODE        2
                strings                        000003  000021  000024         6       0  STRING      2
                cstackBANK0                    000020  00000B  00002B        20       1  BANK0       1
                cstackCOMMON                   000070  00000D  00007D        70       1  COMMON      1
                text5                          00058A  000007  000591       B14       0  CODE        2
                text3                          000591  00000B  00059C       B22       0  CODE        2
                text2                          00059C  000018  0005B4       B38       0  CODE        2
                text1                          0005B4  00001F  0005D3       B68       0  CODE        2
                maintext                       0005D3  00002E  000601       BA6       0  CODE        2
                text7                          000601  00002F  000630       C02       0  CODE        2
                text8                          000630  000036  000666       C60       0  CODE        2
                text9                          000666  00003A  0006A0       CCC       0  CODE        2
                text10                         0006A0  000044  0006E4       D40       0  CODE        2
                text4                          0006E4  000063  000747       DC8       0  CODE        2
                text6                          000747  0000B5  0007FC       E8E       0  CODE        2
                cinit                          0007FC  000004  000800       FF8       0  CODE        2
                config                         002007  000001  002008      400E       0  CONFIG      2


UNUSED ADDRESS RANGES

        Name                Unused          Largest block    Delta
        BANK0            002B-006F             45           1
        BANK1            00A0-00EF             50           1
        BANK2            0110-016F             60           1
        BANK3            0190-01EF             60           1
        CODE             0024-0589            566           2
                         0800-1FFF            800
        COMMON           007D-007D              1           1
        CONST            0024-0589            100           2
                         0800-1FFF            100
        EEDATA           2100-21FF            100           2
        ENTRY            0024-0589            100           2
                         0800-1FFF            100
        IDLOC            2000-2003              4           2
        RAM              002B-006F             45           1
                         00A0-00EF             50
                         0110-016F             60
                         0190-01EF             60
        SFR0             0000-001F             20           1
        SFR1             0080-009F             20           1
        SFR2             0100-010F             10           1
        SFR3             0180-018F             10           1
        STACK            0110-016F             60           1
        STRCODE          0024-0589            566           2
                         0800-1FFF           1800
        STRING           0024-0589            100           2
                         0800-1FFF            100

                                  Symbol Table

?___lwdiv                         cstackCOMMON 0070
?___lwmod                         cstackCOMMON 0070
?_read_adc                        cstackCOMMON 0070
_ADCON0                           (abs)        001F
_ADFM                             (abs)        04FF
_ADON                             (abs)        00F8
_ADRESH                           (abs)        001E
_ADRESL                           (abs)        009E
_GO                               (abs)        00FA
_PORTD                            (abs)        0008
_RE1                              (abs)        0049
_RE2                              (abs)        004A
_TRISD                            (abs)        0088
_TRISE1                           (abs)        0449
_TRISE2                           (abs)        044A
__CFG_WDTE$OFF                    (abs)        0000
__Habs1                           abs1         0000
__Hbank0                          bank0        0000
__Hbank1                          bank1        0000
__Hbank2                          bank2        0000
__Hbank3                          bank3        0000
__Hcinit                          cinit        0800
__Hclrtext                        clrtext      0000
__Hcode                           code         0000
__Hcommon                         common       0000
__Hconfig                         config       2008
__HcstackBANK0                    cstackBANK0  0000
__HcstackCOMMON                   cstackCOMMON 0000
__Heeprom_data                    eeprom_data  0000
__Hend_init                       end_init     0003
__Hfunctab                        functab      0000
__Hidloc                          idloc        0000
__Hinit                           init         0000
__Hintentry                       intentry     0000
__Hmaintext                       maintext     0000
__Hpowerup                        powerup      0000
__Hram                            ram          0000
__Hreset_vec                      reset_vec    0000
__Hsfr0                           sfr0         0000
__Hsfr1                           sfr1         0000
__Hsfr2                           sfr2         0000
__Hsfr3                           sfr3         0000
__Hspace_0                        (abs)        2008
__Hspace_1                        (abs)        007D
__Hspace_2                        (abs)        0000
__Hspace_3                        (abs)        0000
__Hstack                          stack        0000
__Hstrings                        strings      0000
__Htext                           text         0000
__Labs1                           abs1         0000
__Lbank0                          bank0        0000
__Lbank1                          bank1        0000
__Lbank2                          bank2        0000
__Lbank3                          bank3        0000
__Lcinit                          cinit        07FC
__Lclrtext                        clrtext      0000
__Lcode                           code         0000
__Lcommon                         common       0000
__Lconfig                         config       2007
__LcstackBANK0                    cstackBANK0  0000
__LcstackCOMMON                   cstackCOMMON 0000
__Leeprom_data                    eeprom_data  0000
__Lend_init                       end_init     0000
__Lfunctab                        functab      0000
__Lidloc                          idloc        0000
__Linit                           init         0000
__Lintentry                       intentry     0000
__Lmaintext                       maintext     0000
__Lpowerup                        powerup      0000
__Lram                            ram          0000
__Lreset_vec                      reset_vec    0000
__Lsfr0                           sfr0         0000
__Lsfr1                           sfr1         0000
__Lsfr2                           sfr2         0000
__Lsfr3                           sfr3         0000
__Lspace_0                        (abs)        0000
__Lspace_1                        (abs)        0000
__Lspace_2                        (abs)        0000
__Lspace_3                        (abs)        0000
__Lstack                          stack        0000
__Lstrings                        strings      0000
__Ltext                           text         0000
__S0                              (abs)        2008
__S1                              (abs)        007D
__S2                              (abs)        0000
__S3                              (abs)        0000
___int_sp                         stack        0000
___latbits                        (abs)        0002
___lwdiv                          text10       06A0
___lwdiv@counter                  cstackCOMMON 0077
___lwdiv@dividend                 cstackCOMMON 0072
___lwdiv@divisor                  cstackCOMMON 0070
___lwdiv@quotient                 cstackCOMMON 0075
___lwmod                          text9        0666
___lwmod@counter                  cstackCOMMON 0075
___lwmod@dividend                 cstackCOMMON 0072
___lwmod@divisor                  cstackCOMMON 0070
___sp                             stack        0000
___stackhi                        (abs)        0000
___stacklo                        (abs)        0000
__end_of___lwdiv                  text10       06E4
__end_of___lwmod                  text9        06A0
__end_of__initialization          cinit        07FC
__end_of__stringtab               strings      0013
__end_of_clcd_print               text7        0630
__end_of_clcd_write               text8        0666
__end_of_display                  text6        07FC
__end_of_init_adc                 text5        0591
__end_of_init_clcd                text3        059C
__end_of_init_config              text2        05B4
__end_of_init_display_controller  text4        0747
__end_of_main                     maintext     0601
__end_of_read_adc                 text1        05D3
__initialization                  cinit        07FC
__pcstackBANK0                    cstackBANK0  0020
__pcstackCOMMON                   cstackCOMMON 0070
__pmaintext                       maintext     05D3
__pstrings                        strings      0003
__ptext1                          text1        05B4
__ptext10                         text10       06A0
__ptext2                          text2        059C
__ptext3                          text3        0591
__ptext4                          text4        06E4
__ptext5                          text5        058A
__ptext6                          text6        0747
__ptext7                          text7        0601
__ptext8                          text8        0630
__ptext9                          text9        0666
__size_of___lwdiv                 (abs)        0000
__size_of___lwmod                 (abs)        0000
__size_of_clcd_print              (abs)        0000
__size_of_clcd_write              (abs)        0000
__size_of_display                 (abs)        0000
__size_of_init_adc                (abs)        0000
__size_of_init_clcd               (abs)        0000
__size_of_init_config             (abs)        0000
__size_of_init_display_controller (abs)        0000
__size_of_main                    (abs)        0000
__size_of_read_adc                (abs)        0000
__stringbase                      strings      0012
__stringtab                       strings      0003
_clcd_print                       text7        0601
_clcd_write                       text8        0630
_display                          text6        0747
_init_adc                         text5        058A
_init_clcd                        text3        0591
_init_config                      text2        059C
_init_display_controller          text4        06E4
_main                             maintext     05D3
_nDONE                            (abs)        00FA
_read_adc                         text1        05B4
btemp                             (abs)        007E
clcd_print@addr                   cstackCOMMON 0076
clcd_print@str                    cstackCOMMON 0074
clcd_write@byte                   cstackCOMMON 0073
clcd_write@mode                   cstackCOMMON 0070
display@adc_reg_val_1             cstackCOMMON 0078
display@adc_reg_val_2             cstackCOMMON 007A
display@buff                      cstackBANK0  0020
display@i                         cstackBANK0  0025
end_of_initialization             cinit        07FC
intlevel0                         functab      0000
intlevel1                         functab      0000
intlevel2                         functab      0000
intlevel3                         functab      0000
intlevel4                         functab      0000
intlevel5                         functab      0000
main@adc_reg_val_1                cstackBANK0  0027
main@adc_reg_val_2                cstackBANK0  0029
read_adc@adc_reg_val              cstackCOMMON 0073
read_adc@channel                  cstackCOMMON 0075
reset_vec                         reset_vec    0000
start                             init         0000
start_initialization              cinit        07FC
wtemp0                            (abs)        007E


FUNCTION INFORMATION:

 *************** function _main *****************
 Defined at:
		line 50 in file "main.c"
 Parameters:    Size  Location     Type
		None
 Auto vars:     Size  Location     Type
  adc_reg_val_    2    9[BANK0 ] unsigned short 
  adc_reg_val_    2    7[BANK0 ] unsigned short 
 Return value:  Size  Location     Type
                  1    wreg      void 
 Registers used:
		wreg, fsr0l, fsr0h, status,2, status,0, btemp+1, pclath, cstack
 Tracked objects:
		On entry : 
		On exit  : 
		Unchanged: 
 Data sizes:     COMMON   BANK0   BANK1   BANK3   BANK2
      Params:         0       0       0       0       0
      Locals:         0       4       0       0       0
      Temps:          0       0       0       0       0
      Totals:         0       4       0       0       0
Total ram usage:        4 bytes
 Hardware stack levels required when called:    4
 This function calls:
		_display
		_init_config
		_read_adc
 This function is called by:
		Startup code after reset
 This function uses a non-reentrant model


 *************** function _read_adc *****************
 Defined at:
		line 12 in file "adc.c"
 Parameters:    Size  Location     Type
  channel         1    wreg     unsigned char 
 Auto vars:     Size  Location     Type
  channel         1    5[COMMON] unsigned char 
  adc_reg_val     2    3[COMMON] unsigned short 
 Return value:  Size  Location     Type
                  2    0[COMMON] unsigned short 
 Registers used:
		wreg, status,2, status,0
 Tracked objects:
		On entry : 
		On exit  : 
		Unchanged: 
 Data sizes:     COMMON   BANK0   BANK1   BANK3   BANK2
      Params:         2       0       0       0       0
      Locals:         3       0       0       0       0
      Temps:          1       0       0       0       0
      Totals:         6       0       0       0       0
Total ram usage:        6 bytes
 Hardware stack levels used:    1
 This function calls:
		Nothing
 This function is called by:
		_main
 This function uses a non-reentrant model


 *************** function _init_config *****************
 Defined at:
		line 43 in file "main.c"
 Parameters:    Size  Location     Type
		None
 Auto vars:     Size  Location     Type
		None
 Return value:  Size  Location     Type
                  1    wreg      void 
 Registers used:
		wreg, fsr0l, fsr0h, status,2, status,0, btemp+1, pclath, cstack
 Tracked objects:
		On entry : 
		On exit  : 
		Unchanged: 
 Data sizes:     COMMON   BANK0   BANK1   BANK3   BANK2
      Params:         0       0       0       0       0
      Locals:         0       0       0       0       0
      Temps:          1       0       0       0       0
      Totals:         1       0       0       0       0
Total ram usage:        1 bytes
 Hardware stack levels used:    1
 Hardware stack levels required when called:    3
 This function calls:
		_clcd_print
		_init_adc
		_init_clcd
 This function is called by:
		_main
 This function uses a non-reentrant model


 *************** function _init_clcd *****************
 Defined at:
		line 44 in file "clcd.c"
 Parameters:    Size  Location     Type
		None
 Auto vars:     Size  Location     Type
		None
 Return value:  Size  Location     Type
                  1    wreg      void 
 Registers used:
		wreg, status,2, status,0, pclath, cstack
 Tracked objects:
		On entry : 
		On exit  : 
		Unchanged: 
 Data sizes:     COMMON   BANK0   BANK1   BANK3   BANK2
      Params:         0       0       0       0       0
      Locals:         0       0       0       0       0
      Temps:          0       0       0       0       0
      Totals:         0       0       0       0       0
Total ram usage:        0 bytes
 Hardware stack levels used:    1
 Hardware stack levels required when called:    2
 This function calls:
		_init_display_controller
 This function is called by:
		_init_config
 This function uses a non-reentrant model


 *************** function _init_display_controller *****************
 Defined at:
		line 21 in file "clcd.c"
 Parameters:    Size  Location     Type
		None
 Auto vars:     Size  Location     Type
		None
 Return value:  Size  Location     Type
                  1    wreg      void 
 Registers used:
		wreg, status,2, status,0, pclath, cstack
 Tracked objects:
		On entry : 
		On exit  : 
		Unchanged: 
 Data sizes:     COMMON   BANK0   BANK1   BANK3   BANK2
      Params:         0       0       0       0       0
      Locals:         0       0       0       0       0
      Temps:          2       0       0       0       0
      Totals:         2       0       0       0       0
Total ram usage:        2 bytes
 Hardware stack levels used:    1
 Hardware stack levels required when called:    1
 This function calls:
		_clcd_write
 This function is called by:
		_init_clcd
 This function uses a non-reentrant model


 *************** function _init_adc *****************
 Defined at:
		line 3 in file "adc.c"
 Parameters:    Size  Location     Type
		None
 Auto vars:     Size  Location     Type
		None
 Return value:  Size  Location     Type
                  1    wreg      void 
 Registers used:
		None
 Tracked objects:
		On entry : 
		On exit  : 
		Unchanged: 
 Data sizes:     COMMON   BANK0   BANK1   BANK3   BANK2
      Params:         0       0       0       0       0
      Locals:         0       0       0       0       0
      Temps:          0       0       0       0       0
      Totals:         0       0       0       0       0
Total ram usage:        0 bytes
 Hardware stack levels used:    1
 This function calls:
		Nothing
 This function is called by:
		_init_config
 This function uses a non-reentrant model


 *************** function _display *****************
 Defined at:
		line 12 in file "main.c"
 Parameters:    Size  Location     Type
  adc_reg_val_    2    8[COMMON] unsigned short 
  adc_reg_val_    2   10[COMMON] unsigned short 
 Auto vars:     Size  Location     Type
  buff            5    0[BANK0 ] unsigned char [5]
  i               2    5[BANK0 ] int 
 Return value:  Size  Location     Type
                  1    wreg      void 
 Registers used:
		wreg, fsr0l, fsr0h, status,2, status,0, btemp+1, pclath, cstack
 Tracked objects:
		On entry : 
		On exit  : 
		Unchanged: 
 Data sizes:     COMMON   BANK0   BANK1   BANK3   BANK2
      Params:         4       0       0       0       0
      Locals:         0       7       0       0       0
      Temps:          1       0       0       0       0
      Totals:         5       7       0       0       0
Total ram usage:       12 bytes
 Hardware stack levels used:    1
 Hardware stack levels required when called:    2
 This function calls:
		___lwdiv
		___lwmod
		_clcd_print
 This function is called by:
		_main
 This function uses a non-reentrant model


 *************** function _clcd_print *****************
 Defined at:
		line 62 in file "clcd.c"
 Parameters:    Size  Location     Type
  str             2    4[COMMON] PTR const unsigned char 
		 -> STR_3(9), STR_2(4), display@buff(5), STR_1(4), 
  addr            1    6[COMMON] unsigned char 
 Auto vars:     Size  Location     Type
		None
 Return value:  Size  Location     Type
                  1    wreg      void 
 Registers used:
		wreg, fsr0l, fsr0h, status,2, status,0, btemp+1, pclath, cstack
 Tracked objects:
		On entry : 
		On exit  : 
		Unchanged: 
 Data sizes:     COMMON   BANK0   BANK1   BANK3   BANK2
      Params:         3       0       0       0       0
      Locals:         0       0       0       0       0
      Temps:          0       0       0       0       0
      Totals:         3       0       0       0       0
Total ram usage:        3 bytes
 Hardware stack levels used:    1
 Hardware stack levels required when called:    1
 This function calls:
		_clcd_write
 This function is called by:
		_display
		_init_config
 This function uses a non-reentrant model


 *************** function _clcd_write *****************
 Defined at:
		line 4 in file "clcd.c"
 Parameters:    Size  Location     Type
  byte            1    wreg     unsigned char 
  mode            1    0[COMMON] unsigned char 
 Auto vars:     Size  Location     Type
  byte            1    3[COMMON] unsigned char 
 Return value:  Size  Location     Type
                  1    wreg      void 
 Registers used:
		wreg, status,2, status,0
 Tracked objects:
		On entry : 
		On exit  : 
		Unchanged: 
 Data sizes:     COMMON   BANK0   BANK1   BANK3   BANK2
      Params:         1       0       0       0       0
      Locals:         1       0       0       0       0
      Temps:          2       0       0       0       0
      Totals:         4       0       0       0       0
Total ram usage:        4 bytes
 Hardware stack levels used:    1
 This function calls:
		Nothing
 This function is called by:
		_init_display_controller
		_clcd_print
		_clcd_putch
 This function uses a non-reentrant model


 *************** function ___lwmod *****************
 Defined at:
		line 5 in file "C:\Program Files (x86)\Microchip\xc8\v2.10\pic\sources\c90\common\lwmod.c"
 Parameters:    Size  Location     Type
  divisor         2    0[COMMON] unsigned int 
  dividend        2    2[COMMON] unsigned int 
 Auto vars:     Size  Location     Type
  counter         1    5[COMMON] unsigned char 
 Return value:  Size  Location     Type
                  2    0[COMMON] unsigned int 
 Registers used:
		wreg, status,2, status,0
 Tracked objects:
		On entry : 
		On exit  : 
		Unchanged: 
 Data sizes:     COMMON   BANK0   BANK1   BANK3   BANK2
      Params:         4       0       0       0       0
      Locals:         1       0       0       0       0
      Temps:          1       0       0       0       0
      Totals:         6       0       0       0       0
Total ram usage:        6 bytes
 Hardware stack levels used:    1
 This function calls:
		Nothing
 This function is called by:
		_display
 This function uses a non-reentrant model


 *************** function ___lwdiv *****************
 Defined at:
		line 5 in file "C:\Program Files (x86)\Microchip\xc8\v2.10\pic\sources\c90\common\lwdiv.c"
 Parameters:    Size  Location     Type
  divisor         2    0[COMMON] unsigned int 
  dividend        2    2[COMMON] unsigned int 
 Auto vars:     Size  Location     Type
  quotient        2    5[COMMON] unsigned int 
  counter         1    7[COMMON] unsigned char 
 Return value:  Size  Location     Type
                  2    0[COMMON] unsigned int 
 Registers used:
		wreg, status,2, status,0
 Tracked objects:
		On entry : 
		On exit  : 
		Unchanged: 
 Data sizes:     COMMON   BANK0   BANK1   BANK3   BANK2
      Params:         4       0       0       0       0
      Locals:         3       0       0       0       0
      Temps:          1       0       0       0       0
      Totals:         8       0       0       0       0
Total ram usage:        8 bytes
 Hardware stack levels used:    1
 This function calls:
		Nothing
 This function is called by:
		_display
 This function uses a non-reentrant model



MODULE INFORMATION

Module		Function		Class		Link	Load	Size
C:\Program Files (x86)\Microchip\xc8\v2.10\pic\sources\c90\common\lwdiv.c
		___lwdiv       		CODE           	06A0	0000	69

C:\Program Files (x86)\Microchip\xc8\v2.10\pic\sources\c90\common\lwdiv.c estimated size: 69

adc.c
		_init_adc      		CODE           	058A	0000	8
		_read_adc      		CODE           	05B4	0000	32

adc.c estimated size: 40

shared
		__stringtab    		STRING         	0003	0000	17
		__initialization		CODE           	07FC	0000	1

shared estimated size: 18

clcd.c
		_clcd_write    		CODE           	0630	0000	55
		_clcd_print    		CODE           	0601	0000	48
		_init_display_controller		CODE           	06E4	0000	100
		_init_clcd     		CODE           	0591	0000	12

clcd.c estimated size: 215

C:\Program Files (x86)\Microchip\xc8\v2.10\pic\sources\c90\common\lwmod.c
		___lwmod       		CODE           	0666	0000	59

C:\Program Files (x86)\Microchip\xc8\v2.10\pic\sources\c90\common\lwmod.c estimated size: 59

main.c
		_display       		CODE           	0747	0000	182
		_main          		CODE           	05D3	0000	47
		_init_config   		CODE           	059C	0000	25

main.c estimated size: 254

