Microchip MPLAB XC8 Compiler V2.36

Linker command line:

-W-3 --edf=C:\Program Files\Microchip\xc8\v2.36\pic\dat\en_msgs.txt -cn \
  -h+dist/default/production\A08-_4_digit_key_press_counter.X.production.sym \
  --cmf=dist/default/production\A08-_4_digit_key_press_counter.X.production.cmf \
  -z -Q16F877A -oC:\Users\Sndp\AppData\Local\Temp\xcAs6pc.4 \
  --defsym=__MPLAB_BUILD=1 \
  -Mdist/default/production/A08-_4_digit_key_press_counter.X.production.map \
  --md=C:\Users\Sndp\AppData\Local\Temp\xcAs6pc.dat -E1 -ver=XC8 Compiler \
  --acfsm=1493 -ACODE=00h-07FFhx4 -ASTRCODE=00h-01FFFh -ASTRING=00h-0FFhx32 \
  -ACONST=00h-0FFhx32 -AENTRY=00h-0FFhx32 -ACOMMON=070h-07Fh \
  -ABANK0=020h-06Fh -ABANK1=0A0h-0EFh -ABANK2=0110h-016Fh \
  -ABANK3=0190h-01EFh -ARAM=020h-06Fh,0A0h-0EFh,0110h-016Fh,0190h-01EFh \
  -AABS1=020h-07Fh,0A0h-0EFh,0110h-016Fh,0190h-01EFh -ASFR0=00h-01Fh \
  -ASFR1=080h-09Fh -ASFR2=0100h-010Fh -ASFR3=0180h-018Fh \
  -ACONFIG=02007h-02007h -DCONFIG=2 -AIDLOC=02000h-02003h -DIDLOC=2 \
  -AEEDATA=00h-0FFh/02100h -peeprom_data=EEDATA -DEEDATA=2 -DCODE=2 \
  -DSTRCODE=2 -DSTRING=2 -DCONST=2 -DENTRY=2 \
  -preset_vec=00h,intentry,init,end_init -ppowerup=CODE -pcinit=CODE \
  -pfunctab=ENTRY -k C:\Users\Sndp\AppData\Local\Temp\xcAs6pc.o \
  dist/default/production\A08-_4_digit_key_press_counter.X.production.o 

Object code version is 3.11

Machine type is 16F877A



                Name                               Link     Load   Length Selector   Space Scale
C:\Users\Sndp\AppData\Local\Temp\xcAs6pc.o
                end_init                              0        0        3        0       0
                config                             2007     2007        1        0       4
dist/default/production\A08-_4_digit_key_press_counter.X.production.o
                cinit                               7EC      7EC       14      FD8       0
                config                             2007     2007        1        0       4
                text5                               67E      67E       69      CFC       0
                text4                               5C5      5C5       59      B8A       0
                text3                               61E      61E       60      C3C       0
                text2                               5A1      5A1        7      B42       0
                text1                               59B      59B        6      B36       0
                maintext                            6E7      6E7      105      DCE       0
                cstackBANK0                          20       20       1B       20       1
                cstackCOMMON                         70       70        C       70       1
                inittext                            5B2      5B2       13      B64       0
                dataBANK0                            3B       3B        A       20       1
                bssBANK0                             45       45        2       20       1
                idataBANK0                          5A8      5A8        A      B50       0

TOTAL           Name                               Link     Load   Length     Space
        CLASS   CODE           
                end_init                              0        0        3         0
                cinit                               7EC      7EC       14         0
                text5                               67E      67E       69         0
                text4                               5C5      5C5       59         0
                text3                               61E      61E       60         0
                text2                               5A1      5A1        7         0
                text1                               59B      59B        6         0
                maintext                            6E7      6E7      105         0
                inittext                            5B2      5B2       13         0
                idataBANK0                          5A8      5A8        A         0

        CLASS   STRCODE        

        CLASS   STRING         

        CLASS   CONST          

        CLASS   ENTRY          

        CLASS   COMMON         
                cstackCOMMON                         70       70        C         1

        CLASS   BANK0          
                cstackBANK0                          20       20       1B         1
                dataBANK0                            3B       3B        A         1
                bssBANK0                             45       45        2         1

        CLASS   BANK1          

        CLASS   BANK2          

        CLASS   BANK3          

        CLASS   RAM            

        CLASS   ABS1           
                abs_s1                               7E       7E        2         1

        CLASS   SFR0           

        CLASS   SFR1           

        CLASS   SFR2           

        CLASS   SFR3           

        CLASS   CONFIG         
                config                             2007     2007        1         4

        CLASS   IDLOC          

        CLASS   EEDATA         

        CLASS   STACK          



SEGMENTS        Name                           Load    Length   Top    Selector   Space  Class     Delta

                reset_vec                      000000  000003  000003         0       0  CODE        2
                cstackBANK0                    000020  000027  000047        20       1  BANK0       1
                cstackCOMMON                   000070  00000C  00007C        70       1  COMMON      1
                text1                          00059B  000006  0005A1       B36       0  CODE        2
                text2                          0005A1  000007  0005A8       B42       0  CODE        2
                idataBANK0                     0005A8  00000A  0005B2       B50       0  CODE        2
                inittext                       0005B2  000013  0005C5       B64       0  CODE        2
                text4                          0005C5  000059  00061E       B8A       0  CODE        2
                text3                          00061E  000060  00067E       C3C       0  CODE        2
                text5                          00067E  000069  0006E7       CFC       0  CODE        2
                maintext                       0006E7  000105  0007EC       DCE       0  CODE        2
                cinit                          0007EC  000014  000800       FD8       0  CODE        2


UNUSED ADDRESS RANGES

        Name                Unused          Largest block    Delta
        BANK0            0047-006F             29           1
        BANK1            00A0-00EF             50           1
        BANK2            0110-016F             60           1
        BANK3            0190-01EF             60           1
        CODE             0003-059A            598           2
                         0800-1FFF            800
        COMMON           007C-007D              2           1
        CONST            0003-059A            100           2
                         0800-1FFF            100
        EEDATA           2100-21FF            100           2
        ENTRY            0003-059A            100           2
                         0800-1FFF            100
        IDLOC            2000-2003              4           2
        RAM              0047-006F             29           1
                         00A0-00EF             50
                         0110-016F             60
                         0190-01EF             60
        SFR0             0000-001F             20           1
        SFR1             0080-009F             20           1
        SFR2             0100-010F             10           1
        SFR3             0180-018F             10           1
        STRCODE          0003-059A            598           2
                         0800-1FFF           1800
        STRING           0003-059A            100           2
                         0800-1FFF            100

                                  Symbol Table

?___awdiv                cstackCOMMON 0077
?___awmod                cstackCOMMON 0070
_PORTA                   (abs)        0005
_PORTD                   (abs)        0008
_RB0                     (abs)        0030
_TRISA                   (abs)        0085
_TRISD                   (abs)        0088
__Habs1                  abs1         0000
__Hbank0                 bank0        0000
__Hbank1                 bank1        0000
__Hbank2                 bank2        0000
__Hbank3                 bank3        0000
__HbssBANK0              bssBANK0     0000
__Hcinit                 cinit        0800
__Hclrtext               clrtext      0000
__Hcode                  code         0000
__Hcommon                common       0000
__Hconfig                config       2008
__HcstackBANK0           cstackBANK0  0000
__HcstackCOMMON          cstackCOMMON 0000
__HdataBANK0             dataBANK0    0000
__Heeprom_data           eeprom_data  0000
__Hend_init              end_init     0003
__Hfunctab               functab      0000
__HidataBANK0            idataBANK0   0000
__Hinit                  init         0000
__Hinittext              inittext     0000
__Hintentry              intentry     0000
__Hmaintext              maintext     0000
__Hpowerup               powerup      0000
__Hram                   ram          0000
__Hreset_vec             reset_vec    0000
__Hsfr0                  sfr0         0000
__Hsfr1                  sfr1         0000
__Hsfr2                  sfr2         0000
__Hsfr3                  sfr3         0000
__Hspace_0               (abs)        0800
__Hspace_1               (abs)        007C
__Hspace_2               (abs)        0000
__Hspace_3               (abs)        0000
__Hspace_4               (abs)        400F
__Hstack                 stack        0000
__Hstrings               strings      0000
__Htext                  text         0000
__Labs1                  abs1         0000
__Lbank0                 bank0        0000
__Lbank1                 bank1        0000
__Lbank2                 bank2        0000
__Lbank3                 bank3        0000
__LbssBANK0              bssBANK0     0000
__Lcinit                 cinit        07EC
__Lclrtext               clrtext      0000
__Lcode                  code         0000
__Lcommon                common       0000
__Lconfig                config       0000
__LcstackBANK0           cstackBANK0  0000
__LcstackCOMMON          cstackCOMMON 0000
__LdataBANK0             dataBANK0    0000
__Leeprom_data           eeprom_data  0000
__Lend_init              end_init     0000
__Lfunctab               functab      0000
__LidataBANK0            idataBANK0   0000
__Linit                  init         0000
__Linittext              inittext     0000
__Lintentry              intentry     0000
__Lmaintext              maintext     0000
__Lpowerup               powerup      0000
__Lram                   ram          0000
__Lreset_vec             reset_vec    0000
__Lsfr0                  sfr0         0000
__Lsfr1                  sfr1         0000
__Lsfr2                  sfr2         0000
__Lsfr3                  sfr3         0000
__Lspace_0               (abs)        0000
__Lspace_1               (abs)        0000
__Lspace_2               (abs)        0000
__Lspace_3               (abs)        0000
__Lspace_4               (abs)        0000
__Lstack                 stack        0000
__Lstrings               strings      0000
__Ltext                  text         0000
__S0                     (abs)        0800
__S1                     (abs)        007C
__S3                     (abs)        0000
___awdiv                 text5        067E
___awdiv@counter         cstackBANK0  0020
___awdiv@dividend        cstackCOMMON 0079
___awdiv@divisor         cstackCOMMON 0077
___awdiv@quotient        cstackBANK0  0022
___awdiv@sign            cstackBANK0  0021
___awmod                 text4        05C5
___awmod@counter         cstackCOMMON 0075
___awmod@dividend        cstackCOMMON 0072
___awmod@divisor         cstackCOMMON 0070
___awmod@sign            cstackCOMMON 0076
___int_sp                stack        0000
___latbits               (abs)        0002
___sp                    stack        0000
___stackhi               (abs)        0000
___stacklo               (abs)        0000
__end_of___awdiv         text5        06E7
__end_of___awmod         text4        061E
__end_of__initialization cinit        07FC
__end_of_display_ssd     text3        067E
__end_of_init_config     text1        05A1
__end_of_init_ssd        text2        05A8
__end_of_main            maintext     07EC
__initialization         cinit        07EC
__pbssBANK0              bssBANK0     0045
__pcstackBANK0           cstackBANK0  0020
__pcstackCOMMON          cstackCOMMON 0070
__pdataBANK0             dataBANK0    003B
__pidataBANK0            idataBANK0   05A8
__pmaintext              maintext     06E7
__ptext1                 text1        059B
__ptext2                 text2        05A1
__ptext3                 text3        061E
__ptext4                 text4        05C5
__ptext5                 text5        067E
_display_ssd             text3        061E
_init_config             text1        059B
_init_ssd                text2        05A1
_main                    maintext     06E7
btemp                    (abs)        007E
display_ssd@data         cstackCOMMON 0078
display_ssd@digit        cstackCOMMON 0079
display_ssd@wait         cstackCOMMON 0074
end_of_initialization    cinit        07FC
init_fetch0              inittext     05B2
init_ram0                inittext     05B6
intlevel0                functab      0000
intlevel1                functab      0000
intlevel2                functab      0000
intlevel3                functab      0000
intlevel4                functab      0000
intlevel5                functab      0000
main@F864                dataBANK0    003B
main@count               bssBANK0     0045
main@delay               cstackBANK0  0032
main@digit               cstackBANK0  0028
main@once                cstackBANK0  003A
main@ssd                 cstackBANK0  0036
reset_vec                reset_vec    0000
start                    init         0000
start_initialization     cinit        07EC
wtemp0                   (abs)        007E


MODULE INFORMATION

Module		Function		Class		Link	Load	Size
ssd.c
		_init_ssd      		CODE           	05A1	0000	7
		_display_ssd   		CODE           	061E	0000	96

ssd.c estimated size: 103

C:\Program Files\Microchip\xc8\v2.36\pic\sources\c90\common\awmod.c
		___awmod       		CODE           	05C5	0000	89

C:\Program Files\Microchip\xc8\v2.36\pic\sources\c90\common\awmod.c estimated size: 89

C:\Program Files\Microchip\xc8\v2.36\pic\sources\c90\common\awdiv.c
		___awdiv       		CODE           	067E	0000	105

C:\Program Files\Microchip\xc8\v2.36\pic\sources\c90\common\awdiv.c estimated size: 105

shared
		__initialization		CODE           	07EC	0000	16

shared estimated size: 16

main.c
		_main          		CODE           	06E7	0000	261
		_init_config   		CODE           	059B	0000	6

main.c estimated size: 267

