Microchip MPLAB XC8 Compiler V2.36

Linker command line:

-W-3 --edf=C:\Program Files\Microchip\xc8\v2.36\pic\dat\en_msgs.txt -cn \
  -h+dist/default/production\B07.2_Msg_Scrolling_with_key_control_L-R.X.production.sym \
  --cmf=dist/default/production\B07.2_Msg_Scrolling_with_key_control_L-R.X.production.cmf \
  -z -Q16F877A -oC:\Users\Sndp\AppData\Local\Temp\xcAs9v0.4 \
  --defsym=__MPLAB_BUILD=1 \
  -Mdist/default/production/B07.2_Msg_Scrolling_with_key_control_L-R.X.production.map \
  --md=C:\Users\Sndp\AppData\Local\Temp\xcAs9v0.dat -E1 -ver=XC8 Compiler \
  --acfsm=1493 -ACODE=00h-07FFhx4 -ASTRCODE=00h-01FFFh -ASTRING=00h-0FFhx32 \
  -ACONST=00h-0FFhx32 -AENTRY=00h-0FFhx32 -ACOMMON=070h-07Fh \
  -ABANK0=020h-06Fh -ABANK1=0A0h-0EFh -ABANK2=0110h-016Fh \
  -ABANK3=0190h-01EFh -ARAM=020h-06Fh,0A0h-0EFh,0110h-016Fh,0190h-01EFh \
  -AABS1=020h-07Fh,0A0h-0EFh,0110h-016Fh,0190h-01EFh -ASFR0=00h-01Fh \
  -ASFR1=080h-09Fh -ASFR2=0100h-010Fh -ASFR3=0180h-018Fh \
  -ACONFIG=02007h-02007h -DCONFIG=2 -AIDLOC=02000h-02003h -DIDLOC=2 \
  -AEEDATA=00h-0FFh/02100h -peeprom_data=EEDATA -DEEDATA=2 -DCODE=2 \
  -DSTRCODE=2 -DSTRING=2 -DCONST=2 -DENTRY=2 \
  -preset_vec=00h,intentry,init,end_init -ppowerup=CODE -pcinit=CODE \
  -pfunctab=ENTRY -k C:\Users\Sndp\AppData\Local\Temp\xcAs9v0.o \
  dist/default/production\B07.2_Msg_Scrolling_with_key_control_L-R.X.production.o 

Object code version is 3.11

Machine type is 16F877A



                Name                               Link     Load   Length Selector   Space Scale
C:\Users\Sndp\AppData\Local\Temp\xcAs9v0.o
                end_init                              0        0        3        0       0
                config                             2007     2007        1        0       4
dist/default/production\B07.2_Msg_Scrolling_with_key_control_L-R.X.production.o
                cinit                               7E8      7E8       18      FD0       0
                config                             2007     2007        1        0       4
                text8                               5FB      5FB       36      BF6       0
                text7                               5CC      5CC       2F      B98       0
                text6                               631      631       63      C62       0
                text5                               544      544        B      A88       0
                text4                               54F      54F       10      A9E       0
                text3                               582      582       25      B04       0
                text2                               73C      73C       AC      E78       0
                text1                               5A7      5A7       25      B4E       0
                maintext                            694      694       A8      D28       0
                cstackBANK0                          20       20       14       20       1
                cstackCOMMON                         70       70        C       70       1
                inittext                            56F      56F       13      ADE       0
                dataBANK0                            34       34       10       20       1
                dataCOMMON                           7C       7C        1       70       1
                strings                               3        3       50        6       0
                idataBANK0                          55F      55F       10      ABE       0
                idataCOMMON                         543      543        1      A86       0

TOTAL           Name                               Link     Load   Length     Space
        CLASS   CODE           
                end_init                              0        0        3         0
                cinit                               7E8      7E8       18         0
                text8                               5FB      5FB       36         0
                text7                               5CC      5CC       2F         0
                text6                               631      631       63         0
                text5                               544      544        B         0
                text4                               54F      54F       10         0
                text3                               582      582       25         0
                text2                               73C      73C       AC         0
                text1                               5A7      5A7       25         0
                maintext                            694      694       A8         0
                inittext                            56F      56F       13         0
                idataBANK0                          55F      55F       10         0
                idataCOMMON                         543      543        1         0

        CLASS   STRCODE        

        CLASS   STRING         
                strings                               3        3       50         0

        CLASS   CONST          

        CLASS   ENTRY          

        CLASS   COMMON         
                cstackCOMMON                         70       70        C         1
                dataCOMMON                           7C       7C        1         1

        CLASS   BANK0          
                cstackBANK0                          20       20       14         1
                dataBANK0                            34       34       10         1

        CLASS   BANK1          

        CLASS   BANK2          

        CLASS   BANK3          

        CLASS   RAM            

        CLASS   ABS1           
                abs_s1                               7E       7E        2         1

        CLASS   SFR0           

        CLASS   SFR1           

        CLASS   SFR2           

        CLASS   SFR3           

        CLASS   CONFIG         
                config                             2007     2007        1         4

        CLASS   IDLOC          

        CLASS   EEDATA         

        CLASS   STACK          



SEGMENTS        Name                           Load    Length   Top    Selector   Space  Class     Delta

                reset_vec                      000000  000003  000003         0       0  CODE        2
                strings                        000003  000050  000053         6       0  STRING      2
                cstackBANK0                    000020  000024  000044        20       1  BANK0       1
                cstackCOMMON                   000070  00000D  00007D        70       1  COMMON      1
                idataCOMMON                    000543  000001  000544       A86       0  CODE        2
                text5                          000544  00000B  00054F       A88       0  CODE        2
                text4                          00054F  000010  00055F       A9E       0  CODE        2
                idataBANK0                     00055F  000010  00056F       ABE       0  CODE        2
                inittext                       00056F  000013  000582       ADE       0  CODE        2
                text3                          000582  000025  0005A7       B04       0  CODE        2
                text1                          0005A7  000025  0005CC       B4E       0  CODE        2
                text7                          0005CC  00002F  0005FB       B98       0  CODE        2
                text8                          0005FB  000036  000631       BF6       0  CODE        2
                text6                          000631  000063  000694       C62       0  CODE        2
                maintext                       000694  0000A8  00073C       D28       0  CODE        2
                text2                          00073C  0000AC  0007E8       E78       0  CODE        2
                cinit                          0007E8  000018  000800       FD0       0  CODE        2


UNUSED ADDRESS RANGES

        Name                Unused          Largest block    Delta
        BANK0            0044-006F             2C           1
        BANK1            00A0-00EF             50           1
        BANK2            0110-016F             60           1
        BANK3            0190-01EF             60           1
        CODE             0053-0542            4F0           2
                         0800-1FFF            800
        COMMON           007D-007D              1           1
        CONST            0053-0542            100           2
                         0800-1FFF            100
        EEDATA           2100-21FF            100           2
        ENTRY            0053-0542            100           2
                         0800-1FFF            100
        IDLOC            2000-2003              4           2
        RAM              0044-006F             2C           1
                         00A0-00EF             50
                         0110-016F             60
                         0190-01EF             60
        SFR0             0000-001F             20           1
        SFR1             0080-009F             20           1
        SFR2             0100-010F             10           1
        SFR3             0180-018F             10           1
        STRCODE          0053-0542            4F0           2
                         0800-1FFF           1800
        STRING           0053-0542            100           2
                         0800-1FFF            100

                                  Symbol Table

_PORTD                           (abs)        0008
_RB0                             (abs)        0030
_RB1                             (abs)        0031
_RB2                             (abs)        0032
_RD0                             (abs)        0040
_RD1                             (abs)        0041
_RD2                             (abs)        0042
_RD3                             (abs)        0043
_RE1                             (abs)        0049
_RE2                             (abs)        004A
_TRISB                           (abs)        0086
_TRISD                           (abs)        0088
_TRISE1                          (abs)        0449
_TRISE2                          (abs)        044A
__Habs1                          abs1         0000
__Hbank0                         bank0        0000
__Hbank1                         bank1        0000
__Hbank2                         bank2        0000
__Hbank3                         bank3        0000
__Hcinit                         cinit        0800
__Hclrtext                       clrtext      0000
__Hcode                          code         0000
__Hcommon                        common       0000
__Hconfig                        config       2008
__HcstackBANK0                   cstackBANK0  0000
__HcstackCOMMON                  cstackCOMMON 0000
__HdataBANK0                     dataBANK0    0000
__HdataCOMMON                    dataCOMMON   0000
__Heeprom_data                   eeprom_data  0000
__Hend_init                      end_init     0003
__Hfunctab                       functab      0000
__HidataBANK0                    idataBANK0   0000
__HidataCOMMON                   idataCOMMON  0000
__Hinit                          init         0000
__Hinittext                      inittext     0000
__Hintentry                      intentry     0000
__Hmaintext                      maintext     0000
__Hpowerup                       powerup      0000
__Hram                           ram          0000
__Hreset_vec                     reset_vec    0000
__Hsfr0                          sfr0         0000
__Hsfr1                          sfr1         0000
__Hsfr2                          sfr2         0000
__Hsfr3                          sfr3         0000
__Hspace_0                       (abs)        0800
__Hspace_1                       (abs)        007D
__Hspace_2                       (abs)        0000
__Hspace_3                       (abs)        0000
__Hspace_4                       (abs)        400F
__Hstack                         stack        0000
__Hstrings                       strings      0000
__Htext                          text         0000
__Labs1                          abs1         0000
__Lbank0                         bank0        0000
__Lbank1                         bank1        0000
__Lbank2                         bank2        0000
__Lbank3                         bank3        0000
__Lcinit                         cinit        07E8
__Lclrtext                       clrtext      0000
__Lcode                          code         0000
__Lcommon                        common       0000
__Lconfig                        config       0000
__LcstackBANK0                   cstackBANK0  0000
__LcstackCOMMON                  cstackCOMMON 0000
__LdataBANK0                     dataBANK0    0000
__LdataCOMMON                    dataCOMMON   0000
__Leeprom_data                   eeprom_data  0000
__Lend_init                      end_init     0000
__Lfunctab                       functab      0000
__LidataBANK0                    idataBANK0   0000
__LidataCOMMON                   idataCOMMON  0000
__Linit                          init         0000
__Linittext                      inittext     0000
__Lintentry                      intentry     0000
__Lmaintext                      maintext     0000
__Lpowerup                       powerup      0000
__Lram                           ram          0000
__Lreset_vec                     reset_vec    0000
__Lsfr0                          sfr0         0000
__Lsfr1                          sfr1         0000
__Lsfr2                          sfr2         0000
__Lsfr3                          sfr3         0000
__Lspace_0                       (abs)        0000
__Lspace_1                       (abs)        0000
__Lspace_2                       (abs)        0000
__Lspace_3                       (abs)        0000
__Lspace_4                       (abs)        0000
__Lstack                         stack        0000
__Lstrings                       strings      0000
__Ltext                          text         0000
__S0                             (abs)        0800
__S1                             (abs)        007D
__S3                             (abs)        0000
___int_sp                        stack        0000
___latbits                       (abs)        0002
___sp                            stack        0000
___stackhi                       (abs)        0000
___stacklo                       (abs)        0000
__end_of__initialization         cinit        07FC
__end_of__stringtab              strings      0013
__end_of_clcd_print              text7        05FB
__end_of_clcd_write              text8        0631
__end_of_init_clcd               text5        054F
__end_of_init_config             text3        05A7
__end_of_init_display_controller text6        0694
__end_of_init_matrix_keypad      text4        055F
__end_of_main                    maintext     073C
__end_of_read_matrix_keypad      text1        05CC
__end_of_scan_keypad             text2        07E8
__initialization                 cinit        07E8
__pcstackBANK0                   cstackBANK0  0020
__pcstackCOMMON                  cstackCOMMON 0070
__pdataBANK0                     dataBANK0    0034
__pdataCOMMON                    dataCOMMON   007C
__pidataBANK0                    idataBANK0   055F
__pidataCOMMON                   idataCOMMON  0543
__pmaintext                      maintext     0694
__pstrings                       strings      0003
__ptext1                         text1        05A7
__ptext2                         text2        073C
__ptext3                         text3        0582
__ptext4                         text4        054F
__ptext5                         text5        0544
__ptext6                         text6        0631
__ptext7                         text7        05CC
__ptext8                         text8        05FB
__stringbase                     strings      0012
__stringtab                      strings      0003
_clcd_print                      text7        05CC
_clcd_write                      text8        05FB
_init_clcd                       text5        0544
_init_config                     text3        0582
_init_display_controller         text6        0631
_init_matrix_keypad              text4        054F
_main                            maintext     0694
_nRBPU                           (abs)        040F
_read_matrix_keypad              text1        05A7
_scan_keypad                     text2        073C
btemp                            (abs)        007E
clcd_print@addr                  cstackCOMMON 0076
clcd_print@str                   cstackCOMMON 0074
clcd_write@byte                  cstackCOMMON 0073
clcd_write@mode                  cstackCOMMON 0070
end_of_initialization            cinit        07FC
init_fetch0                      inittext     056F
init_ram0                        inittext     0573
intlevel0                        functab      0000
intlevel1                        functab      0000
intlevel2                        functab      0000
intlevel3                        functab      0000
intlevel4                        functab      0000
intlevel5                        functab      0000
main@F864                        dataBANK0    0034
main@arr                         cstackBANK0  0020
main@i                           cstackBANK0  0033
main@key                         cstackBANK0  0030
main@key_backup                  cstackBANK0  0031
main@temp                        cstackBANK0  0032
read_matrix_keypad@key           cstackCOMMON 0074
read_matrix_keypad@mode          cstackCOMMON 0073
read_matrix_keypad@once          dataCOMMON   007C
reset_vec                        reset_vec    0000
scan_keypad@i                    cstackCOMMON 0070
start                            init         0000
start_initialization             cinit        07E8
wtemp0                           (abs)        007E


MODULE INFORMATION

Module		Function		Class		Link	Load	Size
matrix_keypad.c
		_init_matrix_keypad		CODE           	054F	0000	16
		_read_matrix_keypad		CODE           	05A7	0000	37
		_scan_keypad   		CODE           	073C	0000	172

matrix_keypad.c estimated size: 225

shared
		__stringtab    		STRING         	0003	0000	16
		__initialization		CODE           	07E8	0000	20

shared estimated size: 36

clcd.c
		_clcd_write    		CODE           	05FB	0000	54
		_clcd_print    		CODE           	05CC	0000	47
		_init_display_controller		CODE           	0631	0000	99
		_init_clcd     		CODE           	0544	0000	11

clcd.c estimated size: 211

main.c
		_main          		CODE           	0694	0000	168
		_init_config   		CODE           	0582	0000	37

main.c estimated size: 205

